******************************************************************************
                  TI ARM Linker PC v20.2.5                     
******************************************************************************
>> Linked Mon May 30 20:44:43 2022

OUTPUT FILE NAME:   <HVAC_TRES_HILOS_OBJ_ORG.out>
ENTRY POINT SYMBOL: "_c_int00"  address: 00008059


MEMORY CONFIGURATION

         name            origin    length      used     unused   attr    fill
----------------------  --------  ---------  --------  --------  ----  --------
  MAIN                  00000000   00040000  0000a9d8  00035628  R  X
  INFO                  00200000   00004000  00000000  00004000  R  X
  SRAM_CODE             01000000   00010000  00005666  0000a99a  RW X
  SRAM_DATA             20000000   00010000  00005666  0000a99a  RW  


SEGMENT ALLOCATION MAP

run origin  load origin   length   init length attrs members
----------  ----------- ---------- ----------- ----- -------
00000000    00000000    0000a9e0   0000a9e0    r-x
  00000000    00000000    0000003c   0000003c    r-- .resetVecs
  00000040    00000040    0000a1d2   0000a1d2    r-x .text
  0000a214    0000a214    0000064a   0000064a    r-- .const
  0000a860    0000a860    00000180   00000180    r-- .cinit
20000140    20000140    00000aec   00000000    rw-
  20000140    20000140    00000aec   00000000    rw- .data
20001000    20001000    000000e8   00000000    rw-
  20001000    20001000    000000e8   00000000    rw- .vtable
200010e8    200010e8    00004000   00000000    r--
  200010e8    200010e8    00004000   00000000    r-- .priheap
200050e8    200050e8    00000552   00000000    rw-
  200050e8    200050e8    00000552   00000000    rw- .bss
2000fc00    2000fc00    00000400   00000000    rw-
  2000fc00    2000fc00    00000400   00000000    rw- .stack


SECTION ALLOCATION MAP

 output                                  attributes/
section   page    origin      length       input sections
--------  ----  ----------  ----------   ----------------
.text      0    00000040    0000a1d2     
                  00000040    00000a4e     rtsv7M4_T_le_v4SPD16_eabi.lib : _printfi.c.obj (.text:__TI_printfi)
                  00000a8e    00000002     system_msp432p401r.obj (.text:Power_idleFunc)
                  00000a90    00000940     gpio_f_MSP432.obj (.text:gpio_ioctl)
                  000013d0    000006f4     gpio_f_MSP432.obj (.text:gpio_cpu_open)
                  00001ac4    0000049c     adc_f_MSP432.obj (.text:adc_hw_channel_init)
                  00001f60    00000438     timer_f_msp432.obj (.text:Timer_Handler)
                  00002398    00000388     adc_f_MSP432.obj (.text:adc_trigger)
                  00002720    0000028a     msp432p4xx_driverlib.lib : pcm.o (.text:__PCM_setPowerStateAdvanced)
                  000029aa    00000002     rtsv7M4_T_le_v4SPD16_eabi.lib : _lock.c.obj (.text:_nop)
                  000029ac    00000270                                   : _printfi.c.obj (.text:_pconv_a)
                  00002c1c    0000025c     timer_f_msp432.obj (.text:timer_open)
                  00002e78    00000228     adc_f_MSP432.obj (.text:adc_open)
                  000030a0    000001d0     rtsv7M4_T_le_v4SPD16_eabi.lib : _printfi.c.obj (.text:_pconv_g)
                  00003270    000001b6                                   : fd_add_t2.asm.obj (.text)
                  00003426    00000002                                   : div0.asm.obj (.text)
                  00003428    000001b4     gpio_f_MSP432.obj (.text:gpio_open)
                  000035dc    00000180     rtsv7M4_T_le_v4SPD16_eabi.lib : fwrite.c.obj (.text:fwrite)
                  0000375c    0000017c     timer_f_msp432.obj (.text:timer_read)
                  000038d8    0000015c     msp432p4xx_driverlib.lib : pcm.o (.text:__PCM_setPowerModeAdvanced)
                  00003a34    00000154     HVAC_IO.obj (.text:HVAC_PrintState)
                  00003b88    00000148     HVAC_IO.obj (.text:HVAC_ActualizarEntradas)
                  00003cd0    0000013c     rtsv7M4_T_le_v4SPD16_eabi.lib : _printfi.c.obj (.text:_pconv_e)
                  00003e0c    00000136                                   : fd_div_t2.asm.obj (.text)
                  00003f42    00000004     msp432p4xx_driverlib.lib : cpu.o (.text:CPU_wfi)
                  00003f46    00000002     release_pem4f.oem4f (.text:ti_sysbios_BIOS_nullFunc__I)
                  00003f48    00000130     sysbios.aem4f : BIOS.obj (.text:ti_sysbios_knl_Semaphore_pend__E)
                  00004078    00000124     rtsv7M4_T_le_v4SPD16_eabi.lib : _printfi.c.obj (.text:fcvt)
                  0000419c    00000114     Files.obj (.text:fopen_f)
                  000042b0    00000110     rtsv7M4_T_le_v4SPD16_eabi.lib : fopen.c.obj (.text:_openfile)
                  000043c0    00000110                                   : s_scalbn.c.obj (.text:scalbn)
                  000044d0    00000108     msp432p4xx_driverlib.lib : pcm.o (.text:__PCM_setCoreVoltageLevelAdvanced)
                  000045d8    00000108     sysbios.aem4f : BIOS.obj (.text:ti_sysbios_knl_Task_postInit__I)
                  000046e0    00000108                   : BIOS.obj (.text:xdc_runtime_Startup_startMods__I)
                  000047e8    00000104                   : BIOS.obj (.text:ti_sysbios_knl_Task_Instance_finalize__E)
                  000048ec    00000100     adc_f_MSP432.obj (.text:adc_stop)
                  000049ec    000000fc     rtsv7M4_T_le_v4SPD16_eabi.lib : fd_mul_t2.asm.obj (.text)
                  00004ae8    000000f8                                   : fread.c.obj (.text:fread)
                  00004be0    000000f8     sysbios.aem4f : BIOS.obj (.text:ti_sysbios_family_arm_msp432_init_Boot_configureClocksHigh)
                  00004cd8    000000f4     timer_f_msp432.obj (.text:timer_ioctl)
                  00004dcc    000000f0     HVAC_IO.obj (.text:HVAC_Heartbeat)
                  00004ebc    00000004     rtsv7M4_T_le_v4SPD16_eabi.lib : printf.c.obj (.text:_outc)
                  00004ec0    000000f0     sysbios.aem4f : BIOS.obj (.text:pthread_create)
                  00004fb0    000000f0                   : m3_Hwi_asm.obj (.text:ti_sysbios_family_arm_m3_Hwi_dispatch__I)
                  000050a0    000000ec     adc_f_MSP432.obj (.text:adc_resume)
                  0000518c    000000e8     adc_f_MSP432.obj (.text:Timer32_Handler)
                  00005274    000000e0     Threads.obj (.text:main)
                  00005354    00000004     rtsv7M4_T_le_v4SPD16_eabi.lib : printf.c.obj (.text:_outs)
                  00005358    000000e0     sysbios.aem4f : BIOS.obj (.text:ti_sysbios_knl_Task_Instance_init__E)
                  00005438    000000dc     rtsv7M4_T_le_v4SPD16_eabi.lib : setvbuf.c.obj (.text:setvbuf)
                  00005514    000000d4     int_MSP432.obj (.text:Int_enable)
                  000055e8    000000d4     adc_f_MSP432.obj (.text:adc_pause)
                  000056bc    00000004     rtsv7M4_T_le_v4SPD16_eabi.lib : exit.c.obj (.text:abort:abort)
                  000056c0    000000d0     sysbios.aem4f : BIOS.obj (.text:ti_sysbios_heaps_HeapMem_alloc__E)
                  00005790    000000c8     system_msp432p401r.obj (.text:SystemInit)
                  00005858    000000c4     sysbios.aem4f : BIOS.obj (.text:ti_sysbios_knl_Task_sleep__E)
                  0000591c    000000c2     HVAC_Threads.obj (.text:Entradas_Thread)
                  000059de    00000002     --HOLE-- [fill = 0]
                  000059e0    000000bc     uart_f_MSP432.obj (.text:UART_set_location_pin)
                  00005a9c    000000bc     rtsv7M4_T_le_v4SPD16_eabi.lib : open.c.obj (.text:open)
                  00005b58    000000b8     int_MSP432.obj (.text:Int_clear_gpio_flags)
                  00005c10    000000b4     uart_f_MSP432.obj (.text:uart_hw_init)
                  00005cc4    000000b1     rtsv7M4_T_le_v4SPD16_eabi.lib : _printfi.c.obj (.text:_ltostr)
                  00005d75    00000003     --HOLE-- [fill = 0]
                  00005d78    000000aa     adc_f_MSP432.obj (.text:adc_ioctl)
                  00005e22    00000004     release_pem4f.oem4f (.text:ti_sysbios_family_arm_m3_TaskSupport_Module__startupDone__S)
                  00005e26    00000002     --HOLE-- [fill = 0]
                  00005e28    000000aa     sysbios.aem4f : BIOS.obj (.text:xdc_runtime_Core_createObject__I)
                  00005ed2    00000002     --HOLE-- [fill = 0]
                  00005ed4    000000a8     HVAC_IO.obj (.text:HVAC_ActualizarSalidas)
                  00005f7c    00000004     --HOLE-- [fill = 0]
                  00005f80    000000a8     sysbios.aem4f : BIOS.obj (.text:ti_sysbios_family_arm_msp432_Timer_periodicStub__E)
                  00006028    000000a8     uart_f_MSP432.obj (.text:uart_open)
                  000060d0    000000a4     sysbios.aem4f : BIOS.obj (.text:ti_sysbios_knl_Task_setPri__E)
                  00006174    000000a0     auto_init.aem4f : auto_init.oem4f (.text)
                  00006214    0000009c     rtsv7M4_T_le_v4SPD16_eabi.lib : _bufread.c.obj (.text:__TI_buff_read)
                  000062b0    0000009c                                   : fopen.c.obj (.text:fopen)
                  0000634c    0000009c                                   : memcpy_t2.asm.obj (.text)
                  000063e8    00000098     gpio.obj (.text:HVAC_InicialiceIO)
                  00006480    00000096     rtsv7M4_T_le_v4SPD16_eabi.lib : ull_div_t2.asm.obj (.text)
                  00006516    00000002     --HOLE-- [fill = 0]
                  00006518    00000094     sysbios.aem4f : BIOS.obj (.text:_pthread_removeThreadKeys)
                  000065ac    00000004     --HOLE-- [fill = 0]
                  000065b0    00000094                   : BIOS.obj (.text:ti_sysbios_family_arm_m3_Hwi_initNVIC__E)
                  00006644    00000004     --HOLE-- [fill = 0]
                  00006648    00000094                   : BIOS.obj (.text:ti_sysbios_knl_Task_exit__E)
                  000066dc    00000090     adc_f_MSP432.obj (.text:adc_close)
                  0000676c    00000004     --HOLE-- [fill = 0]
                  00006770    00000090     sysbios.aem4f : BIOS.obj (.text:ti_sysbios_knl_Task_Module_startup__E)
                  00006800    0000008c     gpio_f_MSP432.obj (.text:gpio_close)
                  0000688c    0000008c     sysbios.aem4f : m3_TaskSupport_asm.obj (.text:ti_sysbios_family_arm_m3_TaskSupport_buildTaskStack)
                  00006918    0000008c                   : BIOS.obj (.text:xdc_runtime_Memory_alloc__E)
                  000069a4    00000088     adc_f_MSP432.obj (.text:adc_temperature)
                  00006a2c    00000088     HVAC_IO.obj (.text:control_De_Hilos)
                  00006ab4    00000086     rtsv7M4_T_le_v4SPD16_eabi.lib : fd_cmp_t2.asm.obj (.text:__aeabi_cdcmple)
                  00006b3a    00000086                                   : fd_cmp_t2.asm.obj (.text:__aeabi_cdrcmple)
                  00006bc0    00000086     sysbios.aem4f : BIOS.obj (.text:xdc_runtime_Core_constructObject__I)
                  00006c46    00000002     --HOLE-- [fill = 0]
                  00006c48    00000084     msp432p4xx_driverlib.lib : pcm.o (.text:PCM_gotoLPM3)
                  00006ccc    00000084     adc_f_MSP432.obj (.text:adc_hw_init)
                  00006d50    00000084     sysbios.aem4f : BIOS.obj (.text:ti_sysbios_family_arm_m3_Hwi_postInit__I)
                  00006dd4    00000004     --HOLE-- [fill = 0]
                  00006dd8    00000084                   : BIOS.obj (.text:ti_sysbios_heaps_HeapMem_free__E)
                  00006e5c    00000084     timer_f_msp432.obj (.text:timer_close)
                  00006ee0    00000080     int_MSP432.obj (.text:Int_enableInterrupt)
                  00006f60    00000080     sysbios.aem4f : BIOS.obj (.text:ti_sysbios_knl_Clock_workFunc__E)
                  00006fe0    0000007a     rtsv7M4_T_le_v4SPD16_eabi.lib : memset_t2.asm.obj (.text)
                  0000705a    00000078     Files.obj (.text:ioctl)
                  000070d2    00000002     --HOLE-- [fill = 0]
                  000070d4    00000074     adc_f_MSP432.obj (.text:ADC14_IRQHandler)
                  00007148    00000074     HVAC_IO.obj (.text:HVAC_Cool)
                  000071bc    00000074     HVAC_IO.obj (.text:HVAC_Heat)
                  00007230    00000074     int_MSP432.obj (.text:Int_disable)
                  000072a4    00000074     rtsv7M4_T_le_v4SPD16_eabi.lib : fclose.c.obj (.text:__TI_closefile)
                  00007318    00000074     timer_f_msp432.obj (.text:clean_timer)
                  0000738c    00000070     adc.obj (.text:HVAC_InicialiceADC)
                  000073fc    00000004     --HOLE-- [fill = 0]
                  00007400    00000070     sysbios.aem4f : BIOS.obj (.text:ti_sysbios_heaps_HeapMem_initPrimary__I)
                  00007470    0000006e     rtsv7M4_T_le_v4SPD16_eabi.lib : _printfi.c.obj (.text:_mcpy)
                  000074de    00000002     --HOLE-- [fill = 0]
                  000074e0    0000006c                                   : hostrename.c.obj (.text:HOSTrename)
                  0000754c    00000004     --HOLE-- [fill = 0]
                  00007550    0000006c     sysbios.aem4f : BIOS.obj (.text:ti_sysbios_knl_Swi_restoreHwi__E)
                  000075bc    00000068     rtsv7M4_T_le_v4SPD16_eabi.lib : hostlseek.c.obj (.text:HOSTlseek)
                  00007624    00000068                                   : copy_decompress_lzss.c.obj (.text:decompress:lzss:__TI_decompress_lzss)
                  0000768c    00000068     Files.obj (.text:fread_f)
                  000076f4    00000068     Files.obj (.text:gen_name_file)
                  0000775c    00000068     rtsv7M4_T_le_v4SPD16_eabi.lib : printf.c.obj (.text:printf)
                  000077c4    00000004     --HOLE-- [fill = 0]
                  000077c8    00000066     sysbios.aem4f : BIOS.obj (.text:xdc_runtime_Core_deleteObject__I)
                  0000782e    00000002     --HOLE-- [fill = 0]
                  00007830    00000064     rtsv7M4_T_le_v4SPD16_eabi.lib : s_frexp.c.obj (.text:frexp)
                  00007894    00000064                                   : fseek.c.obj (.text:fseek)
                  000078f8    00000064     sysbios.aem4f : BIOS.obj (.text:pthread_exit)
                  0000795c    00000004     --HOLE-- [fill = 0]
                  00007960    00000064                   : BIOS.obj (.text:ti_sysbios_family_arm_m3_Hwi_dispatchC__I)
                  000079c4    00000064     timer_f_msp432.obj (.text:timer_hw_init)
                  00007a28    00000062     rtsv7M4_T_le_v4SPD16_eabi.lib : _io_perm.c.obj (.text:__TI_wrt_ok)
                  00007a8a    00000002     --HOLE-- [fill = 0]
                  00007a8c    00000060                                   : hostopen.c.obj (.text:HOSTopen)
                  00007aec    00000004     --HOLE-- [fill = 0]
                  00007af0    00000060     sysbios.aem4f : BIOS.obj (.text:ti_sysbios_knl_Semaphore_post__E)
                  00007b50    00000060                   : BIOS.obj (.text:ti_sysbios_knl_Swi_run__I)
                  00007bb0    00000060     release_pem4f.oem4f (.text:ti_sysbios_knl_Task_create)
                  00007c10    0000005e     msp432p4xx_driverlib.lib : pcm.o (.text:PCM_getCoreVoltageLevel)
                  00007c6e    00000002     --HOLE-- [fill = 0]
                  00007c70    0000005c     int_MSP432.obj (.text:Int_registerInterrupt)
                  00007ccc    0000005c     rtsv7M4_T_le_v4SPD16_eabi.lib : close.c.obj (.text:close)
                  00007d28    0000005c     sysbios.aem4f : BIOS.obj (.text:ti_sysbios_knl_Swi_schedule__I)
                  00007d84    00000004     --HOLE-- [fill = 0]
                  00007d88    0000005c                   : BIOS.obj (.text:ti_sysbios_knl_Task_startCore__E)
                  00007de4    00000004     --HOLE-- [fill = 0]
                  00007de8    0000005c                   : BIOS.obj (.text:xdc_runtime_Startup_exec__E)
                  00007e44    0000005a     msp432p4xx_driverlib.lib : pcm.o (.text:PCM_getPowerMode)
                  00007e9e    00000002     --HOLE-- [fill = 0]
                  00007ea0    00000058     rtsv7M4_T_le_v4SPD16_eabi.lib : hostread.c.obj (.text:HOSTread)
                  00007ef8    00000058                                   : hostwrite.c.obj (.text:HOSTwrite)
                  00007f50    00000058     uart_f_MSP432.obj (.text:UART_clck_source)
                  00007fa8    00000058     uart_f_MSP432.obj (.text:UART_set_baud_rate)
                  00008000    00000058     adc_f_MSP432.obj (.text:adc_read)
                  00008058    00000058     boot.aem4f : boot.oem4f (.text)
                  000080b0    00000058     sysbios.aem4f : m3_Hwi_asm_switch.obj (.text:ti_sysbios_family_arm_m3_Hwi_initStacks__E)
                  00008108    00000056     rtsv7M4_T_le_v4SPD16_eabi.lib : _printfi.c.obj (.text:_pconv_f)
                  0000815e    00000002     --HOLE-- [fill = 0]
                  00008160    00000054     msp432p4xx_driverlib.lib : pcm.o (.text:PCM_shutdownDevice)
                  000081b4    00000054     rtsv7M4_T_le_v4SPD16_eabi.lib : _ltoa.c.obj (.text:__TI_ltoa)
                  00008208    00000054     sysbios.aem4f : BIOS.obj (.text:ti_sysbios_family_arm_msp432_Timer_initDevice__I)
                  0000825c    00000052     rtsv7M4_T_le_v4SPD16_eabi.lib : _printfi.c.obj (.text:_ecpy)
                  000082ae    00000002     --HOLE-- [fill = 0]
                  000082b0    00000050     sysbios.aem4f : BIOS.obj (.text:ti_sysbios_family_arm_m3_Hwi_Module_startup__E)
                  00008300    0000004c     rtsv7M4_T_le_v4SPD16_eabi.lib : fflush.c.obj (.text:__TI_doflush)
                  0000834c    0000004c                                   : atoi.c.obj (.text:atoi)
                  00008398    0000004c                                   : cpy_tbl.c.obj (.text:copy_in)
                  000083e4    00000004     --HOLE-- [fill = 0]
                  000083e8    0000004c     sysbios.aem4f : BIOS.obj (.text:ti_sysbios_family_arm_msp432_Timer_postInit__I)
                  00008434    00000004     --HOLE-- [fill = 0]
                  00008438    0000004c                   : BIOS.obj (.text:ti_sysbios_family_arm_msp432_Timer_start__E)
                  00008484    00000004     --HOLE-- [fill = 0]
                  00008488    0000004c                   : BIOS.obj (.text:ti_sysbios_heaps_HeapMem_getStats__E)
                  000084d4    00000004     --HOLE-- [fill = 0]
                  000084d8    0000004c                   : BIOS.obj (.text:ti_sysbios_knl_Swi_runLoop__I)
                  00008524    00000004     --HOLE-- [fill = 0]
                  00008528    0000004c                   : BIOS.obj (.text:ti_sysbios_knl_Task_allBlockedFunction__I)
                  00008574    00000004     --HOLE-- [fill = 0]
                  00008578    0000004c                   : BIOS.obj (.text:ti_sysbios_knl_Task_schedule__I)
                  000085c4    0000004a     rtsv7M4_T_le_v4SPD16_eabi.lib : _io_perm.c.obj (.text:__TI_rd_ok)
                  0000860e    00000002     --HOLE-- [fill = 0]
                  00008610    00000048                                   : exit.c.obj (.text:exit)
                  00008658    00000048                                   : fd_toi_t2.asm.obj (.text)
                  000086a0    00000048     sysbios.aem4f : BIOS.obj (.text:ti_sysbios_family_arm_m3_Hwi_enableInterrupt__E)
                  000086e8    00000048                   : BIOS.obj (.text:ti_sysbios_knl_Mailbox_Module_startup__E)
                  00008730    00000048                   : BIOS.obj (.text:xdc_runtime_Core_assignParams__I)
                  00008778    00000044     rtsv7M4_T_le_v4SPD16_eabi.lib : hostclose.c.obj (.text:HOSTclose)
                  000087bc    00000044                                   : hostunlink.c.obj (.text:HOSTunlink)
                  00008800    00000044     timer.obj (.text:HVAC_InicialiceUART)
                  00008844    00000044     uart_f_MSP432.obj (.text:fputs)
                  00008888    00000044     rtsv7M4_T_le_v4SPD16_eabi.lib : getdevice.c.obj (.text:getdevice)
                  000088cc    00000004     --HOLE-- [fill = 0]
                  000088d0    00000044     sysbios.aem4f : BIOS.obj (.text:ti_sysbios_family_arm_m3_Hwi_getStackInfo__E)
                  00008914    00000004     --HOLE-- [fill = 0]
                  00008918    00000044                   : BIOS.obj (.text:ti_sysbios_knl_Swi_post__E)
                  0000895c    00000044     release_pem4f.oem4f (.text:ti_sysbios_rts_MemAlloc_alloc)
                  000089a0    00000044     uart_f_MSP432.obj (.text:uart_ioctl)
                  000089e4    00000040     rtsv7M4_T_le_v4SPD16_eabi.lib : sprintf.c.obj (.text:sprintf)
                  00008a24    00000004     --HOLE-- [fill = 0]
                  00008a28    00000040     sysbios.aem4f : BIOS.obj (.text:ti_sysbios_family_arm_msp432_Timer_Module_startup__E)
                  00008a68    00000040                   : BIOS.obj (.text:ti_sysbios_family_arm_msp432_Timer_startup__E)
                  00008aa8    00000040     release_pem4f.oem4f (.text:ti_sysbios_gates_GateHwi_Object__create__S)
                  00008ae8    00000040     release_pem4f.oem4f (.text:ti_sysbios_gates_GateMutex_Object__create__S)
                  00008b28    00000040     sysbios.aem4f : BIOS.obj (.text:ti_sysbios_heaps_HeapMem_Instance_init__E)
                  00008b68    00000040     release_pem4f.oem4f (.text:ti_sysbios_heaps_HeapMem_Object__create__S)
                  00008ba8    0000003e     rtsv7M4_T_le_v4SPD16_eabi.lib : _printfi.c.obj (.text:_fcpy)
                  00008be6    00000002     --HOLE-- [fill = 0]
                  00008be8    0000003c     HVAC_IO.obj (.text:INT_SWI)
                  00008c24    00000004     --HOLE-- [fill = 0]
                  00008c28    0000003c     sysbios.aem4f : BIOS.obj (.text:ti_sysbios_family_arm_msp432_Seconds_Module_startup__E)
                  00008c64    00000004     --HOLE-- [fill = 0]
                  00008c68    0000003c                   : BIOS.obj (.text:ti_sysbios_knl_Swi_restore__E)
                  00008ca4    00000004     --HOLE-- [fill = 0]
                  00008ca8    0000003c                   : BIOS.obj (.text:usleep)
                  00008ce4    00000038     rtsv7M4_T_le_v4SPD16_eabi.lib : trgmsg.c.obj (.text:__TI_writemsg)
                  00008d1c    00000038                                   : fs_tod_t2.asm.obj (.text)
                  00008d54    00000038     release_pem4f.oem4f (.text:ti_sysbios_knl_Clock_doTick__I)
                  00008d8c    00000004     --HOLE-- [fill = 0]
                  00008d90    00000038     sysbios.aem4f : BIOS.obj (.text:xdc_runtime_System_atexit__E)
                  00008dc8    00000036     rtsv7M4_T_le_v4SPD16_eabi.lib : strncpy.c.obj (.text:strncpy)
                  00008dfe    00000002     --HOLE-- [fill = 0]
                  00008e00    00000034     uart_f_MSP432.obj (.text:UART_set_parity)
                  00008e34    00000034     rtsv7M4_T_le_v4SPD16_eabi.lib : fopen.c.obj (.text:__TI_cleanup)
                  00008e68    00000034                                   : trgmsg.c.obj (.text:__TI_readmsg)
                  00008e9c    00000034     release_pem4f.oem4f (.text:ti_sysbios_knl_Semaphore_construct)
                  00008ed0    00000032     sysbios.aem4f : BIOS.obj (.text:ti_sysbios_hal_Hwi_initStack)
                  00008f02    00000002     --HOLE-- [fill = 0]
                  00008f04    00000030     rtsv7M4_T_le_v4SPD16_eabi.lib : getdevice.c.obj (.text:finddevice)
                  00008f34    00000030     release_pem4f.oem4f (.text:ti_sysbios_BIOS_atExitFunc__I)
                  00008f64    00000030     release_pem4f.oem4f (.text:ti_sysbios_BIOS_rtsLock__I)
                  00008f94    00000030     release_pem4f.oem4f (.text:ti_sysbios_BIOS_startFunc__I)
                  00008fc4    00000030     release_pem4f.oem4f (.text:ti_sysbios_family_arm_m3_Hwi_Object__get__S)
                  00008ff4    00000004     --HOLE-- [fill = 0]
                  00008ff8    00000030     sysbios.aem4f : BIOS.obj (.text:ti_sysbios_family_arm_m3_TaskSupport_start__E)
                  00009028    00000030                   : BIOS.obj (.text:ti_sysbios_gates_GateMutex_enter__E)
                  00009058    00000030     release_pem4f.oem4f (.text:ti_sysbios_heaps_HeapMem_Object__get__S)
                  00009088    00000030     sysbios.aem4f : BIOS.obj (.text:ti_sysbios_knl_Mailbox_postInit__I)
                  000090b8    00000030     release_pem4f.oem4f (.text:ti_sysbios_knl_Queue_construct)
                  000090e8    00000030     sysbios.aem4f : BIOS.obj (.text:ti_sysbios_knl_Semaphore_pendTimeout__I)
                  00009118    00000030     release_pem4f.oem4f (.text:ti_sysbios_knl_Swi_Object__get__S)
                  00009148    00000030     sysbios.aem4f : BIOS.obj (.text:ti_sysbios_knl_Task_processVitalTaskFlag__I)
                  00009178    00000030                   : BIOS.obj (.text:ti_sysbios_knl_Task_restore__E)
                  000091a8    00000030                   : BIOS.obj (.text:ti_sysbios_knl_Task_unblockI__E)
                  000091d8    00000030                   : BIOS.obj (.text:xdc_runtime_System_processAtExit__E)
                  00009208    0000002e                   : BIOS.obj (.text:pthread_setcancelstate)
                  00009236    0000002e     rtsv7M4_T_le_v4SPD16_eabi.lib : i_tofd_t2.asm.obj (.text)
                  00009264    0000002c     msp432p4xx_driverlib.lib : rtc_c.o (.text:RTC_C_holdClock)
                  00009290    0000002c     sysbios.aem4f : BIOS.obj (.text:_pthread_cleanupFxn)
                  000092bc    00000004     --HOLE-- [fill = 0]
                  000092c0    0000002c                   : BIOS.obj (.text:_pthread_delete$43)
                  000092ec    0000002c     rtsv7M4_T_le_v4SPD16_eabi.lib : strncmp.c.obj (.text:strncmp)
                  00009318    0000002c     release_pem4f.oem4f (.text:ti_sysbios_BIOS_rtsUnlock__I)
                  00009344    0000002c     release_pem4f.oem4f (.text:ti_sysbios_gates_GateHwi_Handle__label__S)
                  00009370    0000002c     release_pem4f.oem4f (.text:ti_sysbios_gates_GateMutex_Handle__label__S)
                  0000939c    0000002c     release_pem4f.oem4f (.text:ti_sysbios_heaps_HeapMem_Handle__label__S)
                  000093c8    0000002c     release_pem4f.oem4f (.text:ti_sysbios_knl_Semaphore_Params__init__S)
                  000093f4    0000002c     release_pem4f.oem4f (.text:ti_sysbios_knl_Task_Object__get__S)
                  00009420    0000002c     release_pem4f.oem4f (.text:ti_sysbios_knl_Task_Params__init__S)
                  0000944c    0000002c     rtsv7M4_T_le_v4SPD16_eabi.lib : unlink.c.obj (.text:unlink)
                  00009478    00000028     msp432p4xx_driverlib.lib : pcm.o (.text:PCM_gotoLPM0)
                  000094a0    00000028     uart_f_MSP432.obj (.text:fputc)
                  000094c8    00000028     release_pem4f.oem4f (.text:free)
                  000094f0    00000028     rtsv7M4_T_le_v4SPD16_eabi.lib : lseek.c.obj (.text:lseek)
                  00009518    00000028                                   : read.c.obj (.text:read)
                  00009540    00000028     sysbios.aem4f : m3_Hwi_asm.obj (.text:ti_sysbios_family_arm_m3_Hwi_excHandlerAsm__I)
                  00009568    00000028     release_pem4f.oem4f (.text:ti_sysbios_gates_GateMutex_Object__delete__S)
                  00009590    00000028     sysbios.aem4f : BIOS.obj (.text:ti_sysbios_knl_Clock_addI__E)
                  000095b8    00000028                   : BIOS.obj (.text:ti_sysbios_knl_Swi_Module_startup__E)
                  000095e0    00000028     release_pem4f.oem4f (.text:ti_sysbios_knl_Task_Object__delete__S)
                  00009608    00000028     rtsv7M4_T_le_v4SPD16_eabi.lib : write.c.obj (.text:write)
                  00009630    00000026     sysbios.aem4f : m3_Hwi_asm.obj (.text:ti_sysbios_family_arm_m3_Hwi_pendSV__I)
                  00009656    00000002     --HOLE-- [fill = 0]
                  00009658    00000024     HVAC_IO.obj (.text:HVAC_SetPointDown)
                  0000967c    00000024     HVAC_IO.obj (.text:HVAC_SetPointUp)
                  000096a0    00000024     msp432p4xx_driverlib.lib : wdt_a.o (.text:WDT_A_holdTimer)
                  000096c4    00000024     Threads.obj (.text:control_hilos_desactivados)
                  000096e8    00000024     sysbios.aem4f : BIOS.obj (.text:pthread_attr_init)
                  0000970c    00000024     release_pem4f.oem4f (.text:ti_sysbios_BIOS_registerRTSLock__I)
                  00009730    00000024     release_pem4f.oem4f (.text:ti_sysbios_gates_GateHwi_Object__delete__S)
                  00009754    00000024     release_pem4f.oem4f (.text:ti_sysbios_heaps_HeapMem_Object__delete__S)
                  00009778    00000024     sysbios.aem4f : BIOS.obj (.text:ti_sysbios_knl_Clock_Module_startup__E)
                  0000979c    00000004     --HOLE-- [fill = 0]
                  000097a0    00000024                   : BIOS.obj (.text:ti_sysbios_knl_Semaphore_Instance_init__E)
                  000097c4    00000004     --HOLE-- [fill = 0]
                  000097c8    00000024                   : BIOS.obj (.text:ti_sysbios_knl_Task_restoreHwi__E)
                  000097ec    00000004     --HOLE-- [fill = 0]
                  000097f0    00000024                   : BIOS.obj (.text:xdc_runtime_Error_policyMin__E)
                  00009814    00000020     Threads.obj (.text:control_hilos_activados)
                  00009834    00000020     rtsv7M4_T_le_v4SPD16_eabi.lib : memchr.c.obj (.text:memchr)
                  00009854    00000020     release_pem4f.oem4f (.text:ti_sysbios_BIOS_removeRTSLock__I)
                  00009874    00000004     --HOLE-- [fill = 0]
                  00009878    00000020     sysbios.aem4f : BIOS.obj (.text:ti_sysbios_knl_Idle_run__E)
                  00009898    00000020     release_pem4f.oem4f (.text:ti_sysbios_knl_Mailbox_Object__get__S)
                  000098b8    00000020     release_pem4f.oem4f (.text:ti_sysbios_knl_Semaphore_destruct)
                  000098d8    00000020     release_pem4f.oem4f (.text:ti_sysbios_rts_ti_ReentSupport_getTlsAddr__I)
                  000098f8    00000020     uart_f_MSP432.obj (.text:uart_close)
                  00009918    00000020     release_pem4f.oem4f (.text:xdc_runtime_IHeap_alloc)
                  00009938    0000001e     rtsv7M4_T_le_v4SPD16_eabi.lib : strcat.c.obj (.text:strcat)
                  00009956    0000001e     sysbios.aem4f : m3_Hwi_asm_switch.obj (.text:ti_sysbios_family_xxx_Hwi_switchAndRunFunc)
                  00009974    0000001e     release_pem4f.oem4f (.text:ti_sysbios_knl_Task_SupportProxy_start__E)
                  00009992    0000001e     release_pem4f.oem4f (.text:xdc_runtime_Memory_HeapProxy_alloc__E)
                  000099b0    0000001c     rtsv7M4_T_le_v4SPD16_eabi.lib : memccpy.c.obj (.text:memccpy)
                  000099cc    0000001c     release_pem4f.oem4f (.text:ti_sysbios_family_arm_m3_Hwi_Module__startupDone__F)
                  000099e8    0000001c     sysbios.aem4f : BIOS.obj (.text:ti_sysbios_family_arm_m3_Hwi_excHandler__I)
                  00009a04    0000001c     release_pem4f.oem4f (.text:ti_sysbios_family_arm_msp432_Timer_Module__startupDone__F)
                  00009a20    0000001c     sysbios.aem4f : BIOS.obj (.text:ti_sysbios_gates_GateMutex_Instance_init__E)
                  00009a3c    0000001c     release_pem4f.oem4f (.text:ti_sysbios_knl_Queue_Object__get__S)
                  00009a58    0000001c     release_pem4f.oem4f (.text:ti_sysbios_knl_Queue_destruct)
                  00009a74    00000004     --HOLE-- [fill = 0]
                  00009a78    0000001c     sysbios.aem4f : BIOS.obj (.text:ti_sysbios_knl_Queue_put__E)
                  00009a94    00000004     --HOLE-- [fill = 0]
                  00009a98    0000001c                   : BIOS.obj (.text:ti_sysbios_knl_Task_enter__I)
                  00009ab4    00000004     --HOLE-- [fill = 0]
                  00009ab8    0000001c                   : BIOS.obj (.text:ti_sysbios_rts_ti_ReentSupport_getReent__F)
                  00009ad4    00000004     --HOLE-- [fill = 0]
                  00009ad8    0000001c                   : BIOS.obj (.text:xdc_runtime_Memory_valloc__E)
                  00009af4    0000001c     release_pem4f.oem4f (.text:xdc_runtime_Startup_exec__I)
                  00009b10    0000001c     sysbios.aem4f : BIOS.obj (.text:xdc_runtime_System_abort__E)
                  00009b2c    0000001b     uart_f_MSP432.obj (.text:print)
                  00009b47    00000001     --HOLE-- [fill = 0]
                  00009b48    0000001a     HVAC_Threads.obj (.text:Salidas_Thread)
                  00009b62    0000001a     rtsv7M4_T_le_v4SPD16_eabi.lib : s_copysign.c.obj (.text:copysign)
                  00009b7c    0000001a     release_pem4f.oem4f (.text:xdc_runtime_IHeap_free)
                  00009b96    00000002     --HOLE-- [fill = 0]
                  00009b98    00000018     release_pem4f.oem4f (.text:.bootCodeSection:ti_sysbios_family_arm_msp432_init_Boot_init__I)
                  00009bb0    00000018     uart_f_MSP432.obj (.text:UART_B_char_IE)
                  00009bc8    00000018     uart_f_MSP432.obj (.text:UART_E_char_IE)
                  00009be0    00000018     uart_f_MSP432.obj (.text:UART_data_bits)
                  00009bf8    00000018     uart_f_MSP432.obj (.text:UART_mode)
                  00009c10    00000018     uart_f_MSP432.obj (.text:UART_set_oversampling)
                  00009c28    00000018     uart_f_MSP432.obj (.text:UART_set_stop_bits)
                  00009c40    00000018     uart_f_MSP432.obj (.text:UART_set_transmision_dir)
                  00009c58    00000018     rtsv7M4_T_le_v4SPD16_eabi.lib : args_main.c.obj (.text:_args_main)
                  00009c70    00000018                                   : sprintf.c.obj (.text:_outs)
                  00009c88    00000018                                   : strcmp.c.obj (.text:strcmp)
                  00009ca0    00000018     sysbios.aem4f : m3_TaskSupport_asm.obj (.text:ti_sysbios_family_arm_m3_TaskSupport_swap__E)
                  00009cb8    00000018                   : BIOS.obj (.text:ti_sysbios_gates_GateMutex_leave__E)
                  00009cd0    00000018                   : BIOS.obj (.text:ti_sysbios_knl_Task_sleepTimeout__I)
                  00009ce8    00000018                   : BIOS.obj (.text:xdc_runtime_Error_init__E)
                  00009d00    00000018                   : BIOS.obj (.text:xdc_runtime_System_exit__E)
                  00009d18    00000016     rtsv7M4_T_le_v4SPD16_eabi.lib : strchr.c.obj (.text:strchr)
                  00009d2e    00000016     release_pem4f.oem4f (.text:ti_sysbios_BIOS_exitFunc__I)
                  00009d44    00000004     --HOLE-- [fill = 0]
                  00009d48    00000016     sysbios.aem4f : BIOS.obj (.text:ti_sysbios_knl_Task_unblock__E)
                  00009d5e    00000002     --HOLE-- [fill = 0]
                  00009d60    00000014     msp432p4xx_driverlib.lib : pcm.o (.text:PCM_getPowerState)
                  00009d74    00000004     --HOLE-- [fill = 0]
                  00009d78    00000014     sysbios.aem4f : BIOS.obj (.text:pthread_attr_setschedparam)
                  00009d8c    00000014     rtsv7M4_T_le_v4SPD16_eabi.lib : strcpy.c.obj (.text:strcpy)
                  00009da0    00000014                                   : strlen.c.obj (.text:strlen)
                  00009db4    00000004     --HOLE-- [fill = 0]
                  00009db8    00000014     sysbios.aem4f : BIOS.obj (.text:ti_sysbios_family_arm_m3_Hwi_switchFromBootStack__E)
                  00009dcc    00000014     release_pem4f.oem4f (.text:ti_sysbios_hal_Hwi_HwiProxy_getStackInfo__E)
                  00009de0    00000014     release_pem4f.oem4f (.text:ti_sysbios_knl_Clock_Module_State_clockQ)
                  00009df4    00000014     release_pem4f.oem4f (.text:xdc_runtime_Memory_HeapProxy_free__E)
                  00009e08    00000012     sysbios.aem4f : BIOS.obj (.text:_pthread_cleanup_pop)
                  00009e1a    00000006     --HOLE-- [fill = 0]
                  00009e20    00000012                   : BIOS.obj (.text:_pthread_runStub$43)
                  00009e32    00000006     --HOLE-- [fill = 0]
                  00009e38    00000012                   : BIOS.obj (.text:ti_sysbios_hal_Hwi_Module_startup__E)
                  00009e4a    00000012     rtsv7M4_T_le_v4SPD16_eabi.lib : wcslen.c.obj (.text:wcslen)
                  00009e5c    00000010     msp432p4xx_driverlib.lib : pcm.o (.text:PCM_gotoLPM4)
                  00009e6c    00000010                              : pcm.o (.text:PCM_setPowerMode)
                  00009e7c    00000010                              : pcm.o (.text:PCM_setPowerState)
                  00009e8c    00000010     gpio_f_MSP432.obj (.text:gpio_read)
                  00009e9c    00000010     release_pem4f.oem4f (.text:ti_sysbios_BIOS_RtsGateProxy_leave__E)
                  00009eac    00000004     --HOLE-- [fill = 0]
                  00009eb0    00000010     sysbios.aem4f : BIOS.obj (.text:ti_sysbios_BIOS_exit__E)
                  00009ec0    00000010                   : BIOS.obj (.text:ti_sysbios_BIOS_setThreadType__E)
                  00009ed0    00000010                   : BIOS.obj (.text:ti_sysbios_BIOS_start__E)
                  00009ee0    00000010                   : m3_TaskSupport_asm.obj (.text:ti_sysbios_family_arm_m3_TaskSupport_glue)
                  00009ef0    00000010                   : BIOS.obj (.text:ti_sysbios_family_arm_msp432_init_Boot_disableWatchdog)
                  00009f00    00000010                   : BIOS.obj (.text:ti_sysbios_gates_GateMutex_Instance_finalize__E)
                  00009f10    00000010     release_pem4f.oem4f (.text:ti_sysbios_heaps_HeapMem_Module_GateProxy_leave__E)
                  00009f20    00000010     sysbios.aem4f : BIOS.obj (.text:ti_sysbios_knl_Semaphore_Instance_finalize__E)
                  00009f30    00000010                   : BIOS.obj (.text:ti_sysbios_knl_Swi_disable__E)
                  00009f40    00000010     release_pem4f.oem4f (.text:ti_sysbios_knl_Task_SupportProxy_swap__E)
                  00009f50    00000010     sysbios.aem4f : BIOS.obj (.text:ti_sysbios_knl_Task_disable__E)
                  00009f60    00000010     uart_f_MSP432.obj (.text:uart_read)
                  00009f70    00000010     sysbios.aem4f : BIOS.obj (.text:xdc_runtime_Gate_leaveSystem__E)
                  00009f80    00000010                   : BIOS.obj (.text:xdc_runtime_Memory_free__E)
                  00009f90    00000010                   : BIOS.obj (.text:xdc_runtime_SysCallback_abort__E)
                  00009fa0    00000010                   : BIOS.obj (.text:xdc_runtime_SysCallback_exit__E)
                  00009fb0    00000010     release_pem4f.oem4f (.text:xdc_runtime_System_Module_GateProxy_leave__E)
                  00009fc0    0000000e     rtsv7M4_T_le_v4SPD16_eabi.lib : copy_decompress_none.c.obj (.text:decompress:none:__TI_decompress_none)
                  00009fce    00000002     --HOLE-- [fill = 0]
                  00009fd0    0000000e     sysbios.aem4f : BIOS.obj (.text:pthread_attr_setdetachstate)
                  00009fde    00000002     --HOLE-- [fill = 0]
                  00009fe0    0000000e                   : BIOS.obj (.text:ti_sysbios_knl_Idle_loop__E)
                  00009fee    00000002     --HOLE-- [fill = 0]
                  00009ff0    0000000e                   : BIOS.obj (.text:ti_sysbios_knl_Queue_empty__E)
                  00009ffe    00000002     --HOLE-- [fill = 0]
                  0000a000    0000000c     rtsv7M4_T_le_v4SPD16_eabi.lib : _lock.c.obj (.text:_register_lock)
                  0000a00c    0000000c                                   : _lock.c.obj (.text:_register_unlock)
                  0000a018    0000000c                                   : copy_zero_init.c.obj (.text:decompress:ZI:__TI_zero_init)
                  0000a024    0000000c     release_pem4f.oem4f (.text:malloc)
                  0000a030    0000000c     sysbios.aem4f : BIOS.obj (.text:pthread_self)
                  0000a03c    0000000c     release_pem4f.oem4f (.text:ti_sysbios_BIOS_RtsGateProxy_enter__E)
                  0000a048    0000000c     sysbios.aem4f : BIOS.obj (.text:ti_sysbios_family_arm_m3_TaskSupport_getStackAlignment__E)
                  0000a054    00000004     --HOLE-- [fill = 0]
                  0000a058    0000000c                   : BIOS.obj (.text:ti_sysbios_family_arm_msp432_Timer_getMaxTicks__E)
                  0000a064    00000004     --HOLE-- [fill = 0]
                  0000a068    0000000c                   : BIOS.obj (.text:ti_sysbios_gates_GateHwi_enter__E)
                  0000a074    0000000c     release_pem4f.oem4f (.text:ti_sysbios_heaps_HeapMem_Module_GateProxy_enter__E)
                  0000a080    0000000c     release_pem4f.oem4f (.text:ti_sysbios_heaps_HeapMem_Module_GateProxy_query__E)
                  0000a08c    0000000c     release_pem4f.oem4f (.text:ti_sysbios_knl_Clock_TimerProxy_getMaxTicks__E)
                  0000a098    0000000c     release_pem4f.oem4f (.text:ti_sysbios_knl_Task_delete)
                  0000a0a4    00000004     --HOLE-- [fill = 0]
                  0000a0a8    0000000c     sysbios.aem4f : BIOS.obj (.text:ti_sysbios_knl_Task_self__E)
                  0000a0b4    00000004     --HOLE-- [fill = 0]
                  0000a0b8    0000000c                   : BIOS.obj (.text:ti_sysbios_rts_ti_ReentSupport_taskRegHook__I)
                  0000a0c4    00000004     --HOLE-- [fill = 0]
                  0000a0c8    0000000c                   : BIOS.obj (.text:xdc_runtime_Gate_enterSystem__E)
                  0000a0d4    00000004     --HOLE-- [fill = 0]
                  0000a0d8    0000000c                   : BIOS.obj (.text:xdc_runtime_Startup_rtsDone__E)
                  0000a0e4    0000000c     release_pem4f.oem4f (.text:xdc_runtime_System_Module_GateProxy_enter__E)
                  0000a0f0    0000000c     release_pem4f.oem4f (.text:xdc_runtime_System_SupportProxy_abort__E)
                  0000a0fc    0000000c     release_pem4f.oem4f (.text:xdc_runtime_System_SupportProxy_exit__E)
                  0000a108    0000000a     HVAC_Threads.obj (.text:HeartBeat_Thread)
                  0000a112    0000000a     rtsv7M4_T_le_v4SPD16_eabi.lib : sprintf.c.obj (.text:_outc)
                  0000a11c    00000004     --HOLE-- [fill = 0]
                  0000a120    00000008     sysbios.aem4f : BIOS.obj (.text:pthread_attr_setstacksize)
                  0000a128    00000008     rtsv7M4_T_le_v4SPD16_eabi.lib : rewind.c.obj (.text:rewind)
                  0000a130    00000008     release_pem4f.oem4f (.text:ti_sysbios_family_arm_m3_Hwi_Module__startupDone__S)
                  0000a138    00000008     sysbios.aem4f : BIOS.obj (.text:ti_sysbios_family_arm_m3_Hwi_doSwiRestore__I)
                  0000a140    00000008                   : BIOS.obj (.text:ti_sysbios_family_arm_m3_Hwi_startup__E)
                  0000a148    00000008     release_pem4f.oem4f (.text:ti_sysbios_family_arm_msp432_Timer_Module__startupDone__S)
                  0000a150    00000008     release_pem4f.oem4f (.text:ti_sysbios_hal_Hwi_HwiProxy_Module__startupDone__S)
                  0000a158    00000008     release_pem4f.oem4f (.text:ti_sysbios_hal_Hwi_HwiProxy_startup__E)
                  0000a160    00000008     release_pem4f.oem4f (.text:ti_sysbios_hal_Hwi_HwiProxy_switchFromBootStack__E)
                  0000a168    00000008     release_pem4f.oem4f (.text:ti_sysbios_knl_Clock_TimerProxy_Module__startupDone__S)
                  0000a170    00000008     release_pem4f.oem4f (.text:ti_sysbios_knl_Task_SupportProxy_Module__startupDone__S)
                  0000a178    00000008     release_pem4f.oem4f (.text:ti_sysbios_knl_Task_SupportProxy_getStackAlignment__E)
                  0000a180    00000008     release_pem4f.oem4f (.text:ti_sysbios_rts_ti_ReentSupport_getReent__E)
                  0000a188    00000008     release_pem4f.oem4f (.text:xdc_runtime_Startup_reset__I)
                  0000a190    00000006     sysbios.aem4f : BIOS.obj (.text:ti_sysbios_family_arm_m3_Hwi_doTaskRestore__I)
                  0000a196    00000002     --HOLE-- [fill = 0]
                  0000a198    00000006                   : BIOS.obj (.text:ti_sysbios_gates_GateHwi_leave__E)
                  0000a19e    00000002     --HOLE-- [fill = 0]
                  0000a1a0    00000006                   : BIOS.obj (.text:ti_sysbios_heaps_HeapMem_isBlocking__E)
                  0000a1a6    00000002     --HOLE-- [fill = 0]
                  0000a1a8    00000006                   : BIOS.obj (.text:ti_sysbios_knl_Queue_Instance_init__E)
                  0000a1ae    00000002     --HOLE-- [fill = 0]
                  0000a1b0    00000006                   : BIOS.obj (.text:ti_sysbios_knl_Swi_startup__E)
                  0000a1b6    00000002     --HOLE-- [fill = 0]
                  0000a1b8    00000006                   : BIOS.obj (.text:xdc_runtime_System_Module_startup__E)
                  0000a1be    00000002     --HOLE-- [fill = 0]
                  0000a1c0    00000004                   : BIOS.obj (.text:__aeabi_errno_addr)
                  0000a1c4    00000004     --HOLE-- [fill = 0]
                  0000a1c8    00000004                   : BIOS.obj (.text:ti_sysbios_gates_GateHwi_query__E)
                  0000a1cc    00000004     --HOLE-- [fill = 0]
                  0000a1d0    00000004                   : BIOS.obj (.text:ti_sysbios_gates_GateMutex_query__E)
                  0000a1d4    00000004     --HOLE-- [fill = 0]
                  0000a1d8    00000004                   : BIOS.obj (.text:ti_sysbios_knl_Task_startup__E)
                  0000a1dc    00000004     --HOLE-- [fill = 0]
                  0000a1e0    00000002                   : BIOS.obj (.text:ti_sysbios_BIOS_linkedWithIncorrectBootLibrary__E)
                  0000a1e2    00000006     --HOLE-- [fill = 0]
                  0000a1e8    00000002                   : BIOS.obj (.text:ti_sysbios_gates_GateHwi_Instance_init__E)
                  0000a1ea    00000006     --HOLE-- [fill = 0]
                  0000a1f0    00000002                   : BIOS.obj (.text:ti_sysbios_knl_Clock_logTick__E)
                  0000a1f2    00000006     --HOLE-- [fill = 0]
                  0000a1f8    00000002                   : BIOS.obj (.text:xdc_runtime_SysCallback_defaultAbort)
                  0000a1fa    00000006     --HOLE-- [fill = 0]
                  0000a200    00000002                   : BIOS.obj (.text:xdc_runtime_SysCallback_defaultExit)
                  0000a202    00000006     --HOLE-- [fill = 0]
                  0000a208    00000002                   : BIOS.obj (.text:xdc_runtime_System_abortSpin__E)
                  0000a20a    00000006     --HOLE-- [fill = 0]
                  0000a210    00000002                   : BIOS.obj (.text:xdc_runtime_System_exitSpin__E)

.const     0    0000a214    0000064a     
                  0000a214    00000101     rtsv7M4_T_le_v4SPD16_eabi.lib : ctype.c.obj (.const:.string:_ctypes_)
                  0000a315    00000001     release_pem4f.oem4f (.const:xdc_runtime_Error_policy__C)
                  0000a316    00000002     release_pem4f.oem4f (.const:ti_sysbios_family_arm_msp432_init_Boot_bypassHFXT__C)
                  0000a318    00000050     Files.obj (.const:instruction_set)
                  0000a368    00000048     release_pem4f.oem4f (.const:.string)
                  0000a3b0    0000003c     release_pem4f.oem4f (.const:ti_sysbios_knl_Task_Object__PARAMS__C)
                  0000a3ec    00000036     Files.obj (.const:.string)
                  0000a422    00000002     release_pem4f.oem4f (.const:ti_sysbios_family_arm_msp432_init_Boot_bypassLFXT__C)
                  0000a424    00000030     uart_f_MSP432.obj (.const:GPIO_PORT_TO_BASE)
                  0000a454    0000002c     timer.obj (.const:$P$T0$1)
                  0000a480    00000028     release_pem4f.oem4f (.const:ti_sysbios_heaps_HeapMem_Module__FXNS__C)
                  0000a4a8    00000024     release_pem4f.oem4f (.const:ti_sysbios_gates_GateHwi_Module__FXNS__C)
                  0000a4cc    00000024     release_pem4f.oem4f (.const:ti_sysbios_gates_GateMutex_Module__FXNS__C)
                  0000a4f0    00000024     release_pem4f.oem4f (.const:ti_sysbios_heaps_HeapMem_Object__PARAMS__C)
                  0000a514    00000024     release_pem4f.oem4f (.const:ti_sysbios_knl_Semaphore_Object__PARAMS__C)
                  0000a538    00000024     release_pem4f.oem4f (.const:xdc_runtime_Startup_sfxnTab__A)
                  0000a55c    00000020     gpio.obj (.const:$P$T1$2)
                  0000a57c    00000020     release_pem4f.oem4f (.const:ti_sysbios_gates_GateHwi_Object__DESC__C)
                  0000a59c    00000020     release_pem4f.oem4f (.const:ti_sysbios_gates_GateMutex_Object__DESC__C)
                  0000a5bc    00000020     release_pem4f.oem4f (.const:ti_sysbios_heaps_HeapMem_Object__DESC__C)
                  0000a5dc    00000020     release_pem4f.oem4f (.const:ti_sysbios_knl_Queue_Object__DESC__C)
                  0000a5fc    00000020     release_pem4f.oem4f (.const:ti_sysbios_knl_Semaphore_Object__DESC__C)
                  0000a61c    00000020     release_pem4f.oem4f (.const:ti_sysbios_knl_Task_Object__DESC__C)
                  0000a63c    0000001e     HVAC_IO.obj (.const:.string)
                  0000a65a    00000002     release_pem4f.oem4f (.const:ti_sysbios_family_arm_msp432_init_Boot_enableHFXT__C)
                  0000a65c    00000018     release_pem4f.oem4f (.const:ti_sysbios_gates_GateHwi_Object__PARAMS__C)
                  0000a674    00000018     release_pem4f.oem4f (.const:ti_sysbios_gates_GateMutex_Object__PARAMS__C)
                  0000a68c    00000018     release_pem4f.oem4f (.const:ti_sysbios_knl_Queue_Object__PARAMS__C)
                  0000a6a4    00000018     release_pem4f.oem4f (.const:ti_sysbios_knl_Task_hooks__A)
                  0000a6bc    00000014     gpio.obj (.const:$P$T0$1)
                  0000a6d0    00000012     release_pem4f.oem4f (.const:xdc_runtime_Startup_sfxnRts__A)
                  0000a6e2    00000002     release_pem4f.oem4f (.const:ti_sysbios_family_arm_msp432_init_Boot_enableLFXT__C)
                  0000a6e4    0000000c     uart_f_MSP432.obj (.const:BRFX)
                  0000a6f0    0000000c     uart_f_MSP432.obj (.const:BRS)
                  0000a6fc    0000000c     uart_f_MSP432.obj (.const:BRX)
                  0000a708    0000000c     adc.obj (.const:adc_ch_param2)
                  0000a714    0000000c     adc.obj (.const:adc_ch_param)
                  0000a720    0000000c     release_pem4f.oem4f (.const:xdc_runtime_Startup_firstFxns__A)
                  0000a72c    00000008     adc.obj (.const:adc_init)
                  0000a734    00000008     gpio.obj (.const:cool)
                  0000a73c    00000008     gpio.obj (.const:fan)
                  0000a744    00000008     int_MSP432.obj (.const:g_pulEnRegs)
                  0000a74c    00000008     gpio.obj (.const:hbeat)
                  0000a754    00000008     gpio.obj (.const:heat)
                  0000a75c    00000008     release_pem4f.oem4f (.const:ti_sysbios_knl_Idle_funcList__A)
                  0000a764    00000008     release_pem4f.oem4f (.const:ti_sysbios_knl_Idle_funcList__C)
                  0000a76c    00000008     release_pem4f.oem4f (.const:ti_sysbios_knl_Task_hooks__C)
                  0000a774    00000008     release_pem4f.oem4f (.const:xdc_runtime_Startup_firstFxns__C)
                  0000a77c    00000008     release_pem4f.oem4f (.const:xdc_runtime_Startup_lastFxns__C)
                  0000a784    00000005     Files.obj (.const:.string:$P$T0$2)
                  0000a789    00000001     --HOLE-- [fill = 0]
                  0000a78a    00000002     release_pem4f.oem4f (.const:ti_sysbios_heaps_HeapMem_Module__id__C)
                  0000a78c    00000004     release_pem4f.oem4f (.const:ti_sysbios_family_arm_m3_Hwi_NUM_INTERRUPTS__C)
                  0000a790    00000004     release_pem4f.oem4f (.const:ti_sysbios_family_arm_m3_Hwi_Object__count__C)
                  0000a794    00000004     release_pem4f.oem4f (.const:ti_sysbios_family_arm_m3_Hwi_Object__table__C)
                  0000a798    00000004     release_pem4f.oem4f (.const:ti_sysbios_family_arm_m3_Hwi_ccr__C)
                  0000a79c    00000004     release_pem4f.oem4f (.const:ti_sysbios_family_arm_m3_Hwi_excHandlerFunc__C)
                  0000a7a0    00000004     release_pem4f.oem4f (.const:ti_sysbios_family_arm_m3_Hwi_nullIsrFunc__C)
                  0000a7a4    00000004     release_pem4f.oem4f (.const:ti_sysbios_family_arm_m3_Hwi_priGroup__C)
                  0000a7a8    00000004     release_pem4f.oem4f (.const:ti_sysbios_family_arm_m3_TaskSupport_stackAlignment__C)
                  0000a7ac    00000004     release_pem4f.oem4f (.const:ti_sysbios_family_arm_msp432_Timer_numTimerDevices__C)
                  0000a7b0    00000004     release_pem4f.oem4f (.const:ti_sysbios_family_arm_msp432_Timer_startupNeeded__C)
                  0000a7b4    00000004     release_pem4f.oem4f (.const:ti_sysbios_gates_GateMutex_Instance_State_sem__O)
                  0000a7b8    00000004     release_pem4f.oem4f (.const:ti_sysbios_heaps_HeapMem_E_memory__C)
                  0000a7bc    00000004     release_pem4f.oem4f (.const:ti_sysbios_heaps_HeapMem_Module__gateObj__C)
                  0000a7c0    00000004     release_pem4f.oem4f (.const:ti_sysbios_heaps_HeapMem_Object__count__C)
                  0000a7c4    00000004     release_pem4f.oem4f (.const:ti_sysbios_heaps_HeapMem_Object__table__C)
                  0000a7c8    00000004     release_pem4f.oem4f (.const:ti_sysbios_heaps_HeapMem_primaryHeapBaseAddr__C)
                  0000a7cc    00000004     release_pem4f.oem4f (.const:ti_sysbios_heaps_HeapMem_primaryHeapEndAddr__C)
                  0000a7d0    00000004     release_pem4f.oem4f (.const:ti_sysbios_heaps_HeapMem_reqAlign__C)
                  0000a7d4    00000004     release_pem4f.oem4f (.const:ti_sysbios_knl_Clock_Module_State_clockQ__O)
                  0000a7d8    00000004     release_pem4f.oem4f (.const:ti_sysbios_knl_Clock_tickPeriod__C)
                  0000a7dc    00000004     release_pem4f.oem4f (.const:ti_sysbios_knl_Mailbox_Instance_State_freeQue__O)
                  0000a7e0    00000004     release_pem4f.oem4f (.const:ti_sysbios_knl_Mailbox_Object__count__C)
                  0000a7e4    00000004     release_pem4f.oem4f (.const:ti_sysbios_knl_Mailbox_maxTypeAlign__C)
                  0000a7e8    00000004     release_pem4f.oem4f (.const:ti_sysbios_knl_Semaphore_Instance_State_pendQ__O)
                  0000a7ec    00000004     release_pem4f.oem4f (.const:ti_sysbios_knl_Swi_Object__count__C)
                  0000a7f0    00000004     release_pem4f.oem4f (.const:ti_sysbios_knl_Swi_Object__table__C)
                  0000a7f4    00000004     release_pem4f.oem4f (.const:ti_sysbios_knl_Task_Module_State_inactiveQ__O)
                  0000a7f8    00000004     release_pem4f.oem4f (.const:ti_sysbios_knl_Task_Object__count__C)
                  0000a7fc    00000004     release_pem4f.oem4f (.const:ti_sysbios_knl_Task_Object__heap__C)
                  0000a800    00000004     release_pem4f.oem4f (.const:ti_sysbios_knl_Task_Object__table__C)
                  0000a804    00000004     release_pem4f.oem4f (.const:ti_sysbios_knl_Task_allBlockedFunc__C)
                  0000a808    00000004     release_pem4f.oem4f (.const:ti_sysbios_knl_Task_defaultStackHeap__C)
                  0000a80c    00000004     release_pem4f.oem4f (.const:ti_sysbios_knl_Task_defaultStackSize__C)
                  0000a810    00000004     release_pem4f.oem4f (.const:ti_sysbios_knl_Task_numConstructedTasks__C)
                  0000a814    00000004     release_pem4f.oem4f (.const:xdc_runtime_Error_E_memory__C)
                  0000a818    00000004     release_pem4f.oem4f (.const:xdc_runtime_Error_policyFxn__C)
                  0000a81c    00000004     release_pem4f.oem4f (.const:xdc_runtime_IGateProvider_Interface__BASE__C)
                  0000a820    00000004     release_pem4f.oem4f (.const:xdc_runtime_IHeap_Interface__BASE__C)
                  0000a824    00000004     release_pem4f.oem4f (.const:xdc_runtime_IModule_Interface__BASE__C)
                  0000a828    00000004     release_pem4f.oem4f (.const:xdc_runtime_Memory_defaultHeapInstance__C)
                  0000a82c    00000004     release_pem4f.oem4f (.const:xdc_runtime_Startup_execImpl__C)
                  0000a830    00000004     release_pem4f.oem4f (.const:xdc_runtime_Startup_maxPasses__C)
                  0000a834    00000004     release_pem4f.oem4f (.const:xdc_runtime_Startup_sfxnRts__C)
                  0000a838    00000004     release_pem4f.oem4f (.const:xdc_runtime_Startup_sfxnTab__C)
                  0000a83c    00000004     release_pem4f.oem4f (.const:xdc_runtime_Startup_startModsFxn__C)
                  0000a840    00000004     release_pem4f.oem4f (.const:xdc_runtime_SysCallback_abortFxn__C)
                  0000a844    00000004     release_pem4f.oem4f (.const:xdc_runtime_SysCallback_exitFxn__C)
                  0000a848    00000004     release_pem4f.oem4f (.const:xdc_runtime_System_Module__gateObj__C)
                  0000a84c    00000004     release_pem4f.oem4f (.const:xdc_runtime_System_abortFxn__C)
                  0000a850    00000004     release_pem4f.oem4f (.const:xdc_runtime_System_exitFxn__C)
                  0000a854    00000004     release_pem4f.oem4f (.const:xdc_runtime_System_maxAtexitHandlers__C)
                  0000a858    00000004     release_pem4f.oem4f (.const:xdc_runtime_Text_nameUnknown__C)
                  0000a85c    00000002     release_pem4f.oem4f (.const:xdc_runtime_Memory_Module__id__C)

.cinit     0    0000a860    00000180     
                  0000a860    00000145     (.cinit..data.load) [load image, compression = lzss]
                  0000a9a5    00000003     --HOLE-- [fill = 0]
                  0000a9a8    0000000c     (__TI_handler_table)
                  0000a9b4    00000004     --HOLE-- [fill = 0]
                  0000a9b8    00000008     (.cinit..bss.load) [load image, compression = zero_init]
                  0000a9c0    00000008     (.cinit..vtable.load) [load image, compression = zero_init]
                  0000a9c8    00000018     (__TI_cinit_table)

.init_array 
*          0    00000000    00000000     UNINITIALIZED

.data      0    20000140    00000aec     UNINITIALIZED
                  20000140    000000f0     rtsv7M4_T_le_v4SPD16_eabi.lib : defs.c.obj (.data:_ftable)
                  20000230    00000088     sysbios.aem4f : BIOS.obj (.data:$O1$$)
                  200002b8    00000080     adc_f_MSP432.obj (.data:ADC_time_channel)
                  20000338    00000080     adc_f_MSP432.obj (.data:ADC_time_channel_temp)
                  200003b8    00000080     adc_f_MSP432.obj (.data:ADC_timer_activation)
                  20000438    00000080     release_pem4f.oem4f (.data:ti_sysbios_knl_Swi_Module_State_0_readyQ__A)
                  200004b8    00000080     release_pem4f.oem4f (.data:ti_sysbios_knl_Task_Module_State_0_readyQ__A)
                  20000538    00000080     adc_f_MSP432.obj (.data:time_stopped)
                  200005b8    0000007c     adc_f_MSP432.obj (.data:adc_ch)
                  20000634    00000078     rtsv7M4_T_le_v4SPD16_eabi.lib : host_device.c.obj (.data:_device)
                  200006ac    00000054     release_pem4f.oem4f (.data:ti_sysbios_gates_GateMutex_Object__table__V)
                  20000700    00000050     rtsv7M4_T_le_v4SPD16_eabi.lib : host_device.c.obj (.data:_stream)
                  20000750    0000004c     release_pem4f.oem4f (.data:ti_sysbios_knl_Task_Object__table__V)
                  2000079c    00000044     release_pem4f.oem4f (.data:ti_sysbios_family_arm_msp432_Timer_Object__table__V)
                  200007e0    00000044     release_pem4f.oem4f (.data:ti_sysbios_knl_Task_Module__state__V)
                  20000824    00000040     adc_f_MSP432.obj (.data:running_mask)
                  20000864    00000034     release_pem4f.oem4f (.data:ti_sysbios_family_arm_m3_Hwi_Module__state__V)
                  20000898    00000030     HVAC_IO.obj (.data)
                  200008c8    00000030     adc_f_MSP432.obj (.data)
                  200008f8    00000030     release_pem4f.oem4f (.data:ti_sysbios_knl_Swi_Object__table__V)
                  20000928    0000002c     release_pem4f.oem4f (.data:ti_sysbios_knl_Clock_Module__state__V)
                  20000954    00000028     gpio_f_MSP432.obj (.data:gpio_global_irq_map)
                  2000097c    00000028     gpio_f_MSP432.obj (.data:gpio_global_pin_map)
                  200009a4    00000028     timer_f_msp432.obj (.data)
                  200009cc    00000024     release_pem4f.oem4f (.data:ti_sysbios_BIOS_Module__state__V)
                  200009f0    00000021     uart_f_MSP432.obj (.data)
                  20000a11    00000001     --HOLE--
                  20000a12    00000002     release_pem4f.oem4f (.data:ti_sysbios_family_arm_m3_Hwi_Module_State_0_excActive__A)
                  20000a14    00000020     gpio.obj (.data:data)
                  20000a34    00000020     timer_f_msp432.obj (.data:last_state)
                  20000a54    00000020     release_pem4f.oem4f (.data:ti_sysbios_family_arm_msp432_Timer_Module_State_0_device__A)
                  20000a74    00000020     timer_f_msp432.obj (.data:time_paused_left)
                  20000a94    00000020     timer_f_msp432.obj (.data:timer_units)
                  20000ab4    00000020     release_pem4f.oem4f (.data:xdc_runtime_Error_IgnoreBlock)
                  20000ad4    0000001c     gpio_f_MSP432.obj (.data)
                  20000af0    0000001c     release_pem4f.oem4f (.data:ti_sysbios_knl_Swi_Module__state__V)
                  20000b0c    00000018     release_pem4f.oem4f (.data:ti_sysbios_family_arm_m3_Hwi_Object__table__V)
                  20000b24    00000018     release_pem4f.oem4f (.data:ti_sysbios_heaps_HeapMem_Object__table__V)
                  20000b3c    00000014     Files.obj (.data:files_active)
                  20000b50    00000010     HVAC_IO.obj (.data:SysSTR)
                  20000b60    00000010     Files.obj (.data:iter_name$1)
                  20000b70    00000010     rtsv7M4_T_le_v4SPD16_eabi.lib : defs.c.obj (.data)
                  20000b80    00000010     release_pem4f.oem4f (.data:ti_sysbios_family_arm_msp432_Timer_Module_State_0_handles__A)
                  20000b90    0000000c     rtsv7M4_T_le_v4SPD16_eabi.lib : exit.c.obj (.data:$O1$$)
                  20000b9c    0000000c     release_pem4f.oem4f (.data:ti_sysbios_family_arm_msp432_Timer_Module__state__V)
                  20000ba8    00000008     rtsv7M4_T_le_v4SPD16_eabi.lib : _lock.c.obj (.data:$O1$$)
                  20000bb0    00000008     release_pem4f.oem4f (.data:ti_sysbios_gates_GateHwi_Module__root__V)
                  20000bb8    00000008     release_pem4f.oem4f (.data:ti_sysbios_gates_GateMutex_Module__root__V)
                  20000bc0    00000008     release_pem4f.oem4f (.data:ti_sysbios_heaps_HeapMem_Module__root__V)
                  20000bc8    00000008     release_pem4f.oem4f (.data:ti_sysbios_knl_Queue_Module__root__V)
                  20000bd0    00000008     release_pem4f.oem4f (.data:ti_sysbios_knl_Semaphore_Module__root__V)
                  20000bd8    00000008     release_pem4f.oem4f (.data:ti_sysbios_knl_Task_Module__root__V)
                  20000be0    00000008     timer_f_msp432.obj (.data:timer_activated)
                  20000be8    00000008     release_pem4f.oem4f (.data:xdc_runtime_Startup_Module__state__V)
                  20000bf0    00000008     release_pem4f.oem4f (.data:xdc_runtime_System_Module_State_0_atexitHandlers__A)
                  20000bf8    00000008     release_pem4f.oem4f (.data:xdc_runtime_System_Module__state__V)
                  20000c00    00000005     HVAC_IO.obj (.data:ultimos_estados$1)
                  20000c05    00000003     --HOLE--
                  20000c08    00000004     rtsv7M4_T_le_v4SPD16_eabi.lib : fopen.c.obj (.data)
                  20000c0c    00000004                                   : open.c.obj (.data)
                  20000c10    00000004                                   : stkdepth_vars.c.obj (.data)
                  20000c14    00000004     release_pem4f.oem4f (.data:ti_sysbios_family_arm_m3_Hwi_Module_State_0_excContext__A)
                  20000c18    00000004     release_pem4f.oem4f (.data:ti_sysbios_family_arm_m3_Hwi_Module_State_0_excStack__A)
                  20000c1c    00000004     release_pem4f.oem4f (.data:ti_sysbios_gates_GateHwi_Object__table__V)
                  20000c20    00000004     release_pem4f.oem4f (.data:ti_sysbios_knl_Task_Module_State_0_idleTask__A)
                  20000c24    00000004     release_pem4f.oem4f (.data:ti_sysbios_rts_ti_ReentSupport_Module__state__V)
                  20000c28    00000004     release_pem4f.oem4f (.data:xdc_runtime_Memory_Module__state__V)

.vtable    0    20001000    000000e8     UNINITIALIZED
                  20001000    000000e8     int_MSP432.obj (.vtable)

.bss       0    200050e8    00000552     UNINITIALIZED
                  200050e8    00000200     release_pem4f.oem4f (.bss:taskStackSection)
                  200052e8    00000140     (.common:ti_sysbios_family_arm_m3_Hwi_dispatchTable)
                  20005428    00000120     rtsv7M4_T_le_v4SPD16_eabi.lib : trgmsg.c.obj (.bss:_CIOBUF_)
                  20005548    000000a0     (.common:__TI_tmpnams)
                  200055e8    00000040     (.common:state)
                  20005628    00000008     (.common:parmbuf)
                  20005630    00000004     (.common:delay)
                  20005634    00000004     (.common:ti_sysbios_knl_Task_Instance_State_0_hookEnv__A)
                  20005638    00000002     (.common:EstadoEntradas)

.priheap   0    200010e8    00004000     UNINITIALIZED
                  200010e8    00004000     --HOLE--

.stack     0    2000fc00    00000400     UNINITIALIZED
                  2000fc00    00000400     --HOLE--

.bootVecs 
*          0    00000000    00000008     DSECT
                  00000000    00000008     boot.aem4f : boot.oem4f (.bootVecs)

.resetVecs 
*          0    00000000    0000003c     
                  00000000    0000003c     release_pem4f.oem4f (.resetVecs)

.vecs      0    20000000    00000140     NOLOAD SECTION
                  20000000    00000140     release_pem4f.oem4f (.vecs)

xdc.meta   0    00000000    000000f4     COPY SECTION
                  00000000    000000f4     release_pem4f.oem4f (xdc.meta)

xdc.noload 
*          0    00000000    00000000     COPY SECTION

__llvm_prf_cnts 
*          0    20000000    00000000     UNINITIALIZED

.binit     0    00000000    00000000     

MODULE SUMMARY

       Module                       code    ro data   rw data
       ------                       ----    -------   -------
    .\
       HVAC_IO.obj                  1576    30        278    
       gpio.obj                     152     84        64     
       Threads.obj                  292     0         0      
       HVAC_Threads.obj             230     0         0      
       adc.obj                      112     32        0      
       timer.obj                    68      44        0      
    +--+----------------------------+-------+---------+---------+
       Total:                       2430    190       342    
                                                             
    .\Aux_files\
       system_msp432p401r.obj       202     0         0      
    +--+----------------------------+-------+---------+---------+
       Total:                       202     0         0      
                                                             
    .\Drivers_obj\
       adc_f_MSP432.obj             4358    0         1496   
       gpio_f_MSP432.obj            4740    0         216    
       timer_f_msp432.obj           2656    0         288    
       uart_f_MSP432.obj            1183    84        66     
       int_MSP432.obj               732     8         464    
       Files.obj                    604     139       72     
    +--+----------------------------+-------+---------+---------+
       Total:                       14273   231       2602   
                                                             
    C:\Users\Administrador\workspace_v11\HVAC_TRES_HILOS_OBJ_ORG\Debug\configPkg\package\cfg\
       release_pem4f.oem4f          2086    991       4308   
    +--+----------------------------+-------+---------+---------+
       Total:                       2086    991       4308   
                                                             
    C:/ti/simplelink_msp432p4_sdk_3_40_01_02/source/ti/devices/msp432p4xx/driverlib/ccs/msp432p4xx_driverlib.lib
       pcm.o                        1770    0         0      
       rtc_c.o                      44      0         0      
       wdt_a.o                      36      0         0      
       cpu.o                        4       0         0      
    +--+----------------------------+-------+---------+---------+
       Total:                       1854    0         0      
                                                             
    C:\Users\Administrador\workspace_v11\HVAC_TRES_HILOS_OBJ_ORG\Aux_files\src\sysbios\sysbios.aem4f
       BIOS.obj                     8042    0         272    
       m3_Hwi_asm.obj               318     0         0      
       m3_TaskSupport_asm.obj       180     0         0      
       m3_Hwi_asm_switch.obj        118     0         0      
    +--+----------------------------+-------+---------+---------+
       Total:                       8658    0         272    
                                                             
    C:\ti\ccs1120\ccs\tools\compiler\ti-cgt-arm_20.2.5.LTS\lib\rtsv7M4_T_le_v4SPD16_eabi.lib
       _printfi.c.obj               4851    0         0      
       defs.c.obj                   0       0         832    
       trgmsg.c.obj                 108     0         576    
       fopen.c.obj                  480     0         8      
       fd_add_t2.asm.obj            438     0         0      
       host_device.c.obj            0       0         400    
       fwrite.c.obj                 384     0         0      
       fd_div_t2.asm.obj            310     0         0      
       s_scalbn.c.obj               272     0         0      
       fd_cmp_t2.asm.obj            268     0         0      
       ctype.c.obj                  0       257       0      
       fd_mul_t2.asm.obj            252     0         0      
       fread.c.obj                  248     0         0      
       setvbuf.c.obj                220     0         0      
       open.c.obj                   188     0         8      
       _io_perm.c.obj               172     0         0      
       _bufread.c.obj               156     0         0      
       memcpy_t2.asm.obj            156     0         0      
       ull_div_t2.asm.obj           150     0         0      
       memset_t2.asm.obj            122     0         0      
       fclose.c.obj                 116     0         0      
       getdevice.c.obj              116     0         0      
       hostopen.c.obj               96      0         16     
       printf.c.obj                 112     0         0      
       hostrename.c.obj             108     0         0      
       copy_decompress_lzss.c.obj   104     0         0      
       hostlseek.c.obj              104     0         0      
       exit.c.obj                   76      0         24     
       fseek.c.obj                  100     0         0      
       s_frexp.c.obj                100     0         0      
       sprintf.c.obj                98      0         0      
       close.c.obj                  92      0         0      
       hostread.c.obj               88      0         0      
       hostwrite.c.obj              88      0         0      
       _ltoa.c.obj                  84      0         0      
       atoi.c.obj                   76      0         0      
       cpy_tbl.c.obj                76      0         0      
       fflush.c.obj                 76      0         0      
       fd_toi_t2.asm.obj            72      0         0      
       hostclose.c.obj              68      0         0      
       hostunlink.c.obj             68      0         0      
       fs_tod_t2.asm.obj            56      0         0      
       strncpy.c.obj                54      0         0      
       i_tofd_t2.asm.obj            46      0         0      
       strncmp.c.obj                44      0         0      
       unlink.c.obj                 44      0         0      
       _lock.c.obj                  26      0         16     
       lseek.c.obj                  40      0         0      
       read.c.obj                   40      0         0      
       write.c.obj                  40      0         0      
       memchr.c.obj                 32      0         0      
       strcat.c.obj                 30      0         0      
       memccpy.c.obj                28      0         0      
       s_copysign.c.obj             26      0         0      
       args_main.c.obj              24      0         0      
       strcmp.c.obj                 24      0         0      
       strchr.c.obj                 22      0         0      
       strcpy.c.obj                 20      0         0      
       strlen.c.obj                 20      0         0      
       wcslen.c.obj                 18      0         0      
       copy_decompress_none.c.obj   14      0         0      
       copy_zero_init.c.obj         12      0         0      
       rewind.c.obj                 8       0         0      
       stkdepth_vars.c.obj          0       0         8      
       div0.asm.obj                 2       0         0      
    +--+----------------------------+-------+---------+---------+
       Total:                       11363   257       1888   
                                                             
    C:\ti\simplelink_msp432p4_sdk_3_40_01_02\kernel\tirtos\packages\ti\targets\arm\rtsarm\lib\auto_init.aem4f
       auto_init.oem4f              160     0         0      
    +--+----------------------------+-------+---------+---------+
       Total:                       160     0         0      
                                                             
    C:\ti\simplelink_msp432p4_sdk_3_40_01_02\kernel\tirtos\packages\ti\targets\arm\rtsarm\lib\boot.aem4f
       boot.oem4f                   88      0         0      
    +--+----------------------------+-------+---------+---------+
       Total:                       88      0         0      
                                                             
       Stack:                       0       0         2048   
       Linker Generated:            0       377       0      
    +--+----------------------------+-------+---------+---------+
       Grand Total:                 41114   2046      11460  


LINKER GENERATED COPY TABLES

__TI_cinit_table @ 0000a9c8 records: 3, size/record: 8, table size: 24
	.data: load addr=0000a860, load size=00000145 bytes, run addr=20000140, run size=00000aec bytes, compression=lzss
	.bss: load addr=0000a9b8, load size=00000008 bytes, run addr=200050e8, run size=00000552 bytes, compression=zero_init
	.vtable: load addr=0000a9c0, load size=00000008 bytes, run addr=20001000, run size=000000e8 bytes, compression=zero_init


LINKER GENERATED HANDLER TABLE

__TI_handler_table @ 0000a9a8 records: 3, size/record: 4, table size: 12
	index: 0, handler: __TI_zero_init
	index: 1, handler: __TI_decompress_lzss
	index: 2, handler: __TI_decompress_none


GLOBAL SYMBOLS: SORTED ALPHABETICALLY BY Name 

address   name                                                            
-------   ----                                                            
000070d5  ADC14_IRQHandler                                                
200008e8  ADC_ch_actives                                                  
200008e4  ADC_global_irq_map                                              
200002b8  ADC_time_channel                                                
20000338  ADC_time_channel_temp                                           
200003b8  ADC_timer_activation                                            
0000a6e4  BRFX                                                            
0000a6f0  BRS                                                             
0000a6fc  BRX                                                             
000056bd  C$$EXIT                                                         
00008d13  C$$IO$$                                                         
00003f43  CPU_wfi                                                         
0000591d  Entradas_Thread                                                 
20005638  EstadoEntradas                                                  
200008ba  FAN_LED_State                                                   
00004000  HEAPSIZE                                                        
00008779  HOSTclose                                                       
000075bd  HOSTlseek                                                       
00007a8d  HOSTopen                                                        
00007ea1  HOSTread                                                        
000074e1  HOSTrename                                                      
000087bd  HOSTunlink                                                      
00007ef9  HOSTwrite                                                       
00003b89  HVAC_ActualizarEntradas                                         
00005ed5  HVAC_ActualizarSalidas                                          
00007149  HVAC_Cool                                                       
00004dcd  HVAC_Heartbeat                                                  
000071bd  HVAC_Heat                                                       
0000738d  HVAC_InicialiceADC                                              
000063e9  HVAC_InicialiceIO                                               
00008801  HVAC_InicialiceUART                                             
00003a35  HVAC_PrintState                                                 
00009659  HVAC_SetPointDown                                               
0000967d  HVAC_SetPointUp                                                 
0000a109  HeartBeat_Thread                                                
00008be9  INT_SWI                                                         
00005b59  Int_clear_gpio_flags                                            
00007231  Int_disable                                                     
00005515  Int_enable                                                      
00006ee1  Int_enableInterrupt                                             
00007c71  Int_registerInterrupt                                           
00007c11  PCM_getCoreVoltageLevel                                         
00007e45  PCM_getPowerMode                                                
[...]
00009fb1  xdc_runtime_System_Module_GateProxy_leave__E                    
00009fc1  __TI_decompress_none                                            
00009fd1  pthread_attr_setdetachstate                                     
00009fe1  ti_sysbios_knl_Idle_loop__E                                     
00009ff1  ti_sysbios_knl_Queue_empty__E                                   
0000a001  _register_lock                                                  
0000a00d  _register_unlock                                                
0000a019  __TI_zero_init                                                  
0000a025  malloc                                                          
0000a031  pthread_self                                                    
0000a03d  ti_sysbios_BIOS_RtsGateProxy_enter__E                           
0000a049  ti_sysbios_family_arm_m3_TaskSupport_getStackAlignment__E       
0000a059  ti_sysbios_family_arm_msp432_Timer_getMaxTicks__E               
0000a069  ti_sysbios_gates_GateHwi_enter__E                               
0000a075  ti_sysbios_heaps_HeapMem_Module_GateProxy_enter__E              
0000a081  ti_sysbios_heaps_HeapMem_Module_GateProxy_query__E              
0000a08d  ti_sysbios_knl_Clock_TimerProxy_getMaxTicks__E                  
0000a099  ti_sysbios_knl_Task_delete                                      
0000a0a9  ti_sysbios_knl_Task_self__E                                     
0000a0b9  ti_sysbios_rts_ti_ReentSupport_taskRegHook__I                   
0000a0c9  xdc_runtime_Gate_enterSystem__E                                 
0000a0d9  xdc_runtime_Startup_rtsDone__E                                  
0000a0e5  xdc_runtime_System_Module_GateProxy_enter__E                    
0000a0f1  xdc_runtime_System_SupportProxy_abort__E                        
0000a0fd  xdc_runtime_System_SupportProxy_exit__E                         
0000a109  HeartBeat_Thread                                                
0000a121  pthread_attr_setstacksize                                       
0000a129  rewind                                                          
0000a131  ti_sysbios_family_arm_m3_Hwi_Module__startupDone__S             
0000a139  ti_sysbios_family_arm_m3_Hwi_doSwiRestore__I                    
0000a141  ti_sysbios_family_arm_m3_Hwi_startup__E                         
0000a149  ti_sysbios_family_arm_msp432_Timer_Module__startupDone__S       
0000a151  ti_sysbios_hal_Hwi_HwiProxy_Module__startupDone__S              
0000a159  ti_sysbios_hal_Hwi_HwiProxy_startup__E                          
0000a159  ti_sysbios_hal_Hwi_startup__E                                   
0000a161  ti_sysbios_hal_Hwi_HwiProxy_switchFromBootStack__E              
0000a161  ti_sysbios_hal_Hwi_switchFromBootStack__E                       
0000a169  ti_sysbios_knl_Clock_TimerProxy_Module__startupDone__S          
0000a171  ti_sysbios_knl_Task_SupportProxy_Module__startupDone__S         
0000a179  ti_sysbios_knl_Task_SupportProxy_getStackAlignment__E           
0000a181  ti_sysbios_rts_ti_ReentSupport_getReent__E                      
0000a189  xdc_runtime_Startup_reset__I                                    
0000a191  ti_sysbios_family_arm_m3_Hwi_doTaskRestore__I                   
0000a199  ti_sysbios_gates_GateHwi_leave__E                               
0000a1a1  ti_sysbios_heaps_HeapMem_isBlocking__E                          
0000a1a9  ti_sysbios_knl_Queue_Instance_init__E                           
0000a1b1  ti_sysbios_knl_Swi_startup__E                                   
0000a1b9  xdc_runtime_System_Module_startup__E                            
0000a1c1  __aeabi_errno_addr                                              
0000a1c9  ti_sysbios_gates_GateHwi_query__E                               
0000a1d1  ti_sysbios_gates_GateMutex_query__E                             
0000a1d9  ti_sysbios_knl_Task_startup__E                                  
0000a1e1  ti_sysbios_BIOS_linkedWithIncorrectBootLibrary__E               
0000a1e9  ti_sysbios_gates_GateHwi_Instance_init__E                       
0000a1f1  ti_sysbios_knl_Clock_logTick__E                                 
0000a1f9  xdc_runtime_SysCallback_defaultAbort                            
0000a201  xdc_runtime_SysCallback_defaultExit                             
0000a209  xdc_runtime_System_abortSpin__E                                 
0000a211  xdc_runtime_System_exitSpin__E                                  
0000a214  _ctypes_                                                        
0000a315  xdc_runtime_Error_policy__C                                     
0000a316  ti_sysbios_family_arm_msp432_init_Boot_bypassHFXT__C            
0000a3b0  ti_sysbios_knl_Task_Object__PARAMS__C                           
0000a422  ti_sysbios_family_arm_msp432_init_Boot_bypassLFXT__C            
0000a480  ti_sysbios_heaps_HeapMem_Module__FXNS__C                        
0000a4a8  ti_sysbios_gates_GateHwi_Module__FXNS__C                        
0000a4cc  ti_sysbios_gates_GateMutex_Module__FXNS__C                      
0000a4f0  ti_sysbios_heaps_HeapMem_Object__PARAMS__C                      
0000a514  ti_sysbios_knl_Semaphore_Object__PARAMS__C                      
0000a538  xdc_runtime_Startup_sfxnTab__A                                  
0000a57c  ti_sysbios_gates_GateHwi_Object__DESC__C                        
0000a59c  ti_sysbios_gates_GateMutex_Object__DESC__C                      
0000a5bc  ti_sysbios_heaps_HeapMem_Object__DESC__C                        
0000a5dc  ti_sysbios_knl_Queue_Object__DESC__C                            
0000a5fc  ti_sysbios_knl_Semaphore_Object__DESC__C                        
0000a61c  ti_sysbios_knl_Task_Object__DESC__C                             
0000a65a  ti_sysbios_family_arm_msp432_init_Boot_enableHFXT__C            
0000a65c  ti_sysbios_gates_GateHwi_Object__PARAMS__C                      
0000a674  ti_sysbios_gates_GateMutex_Object__PARAMS__C                    
0000a68c  ti_sysbios_knl_Queue_Object__PARAMS__C                          
0000a6a4  ti_sysbios_knl_Task_hooks__A                                    
0000a6d0  xdc_runtime_Startup_sfxnRts__A                                  
0000a6e2  ti_sysbios_family_arm_msp432_init_Boot_enableLFXT__C            
0000a6e4  BRFX                                                            
0000a6f0  BRS                                                             
0000a6fc  BRX                                                             
0000a708  adc_ch_param2                                                   
0000a714  adc_ch_param                                                    
0000a720  xdc_runtime_Startup_firstFxns__A                                
0000a72c  adc_init                                                        
0000a734  cool                                                            
0000a73c  fan                                                             
0000a74c  hbeat                                                           
0000a754  heat                                                            
0000a75c  ti_sysbios_knl_Idle_funcList__A                                 
0000a764  ti_sysbios_knl_Idle_funcList__C                                 
0000a76c  ti_sysbios_knl_Task_hooks__C                                    
0000a774  xdc_runtime_Startup_firstFxns__C                                
0000a77c  xdc_runtime_Startup_lastFxns__C                                 
0000a78a  ti_sysbios_heaps_HeapMem_Module__id__C                          
0000a78c  ti_sysbios_family_arm_m3_Hwi_NUM_INTERRUPTS__C                  
0000a790  ti_sysbios_family_arm_m3_Hwi_Object__count__C                   
0000a794  ti_sysbios_family_arm_m3_Hwi_Object__table__C                   
0000a798  ti_sysbios_family_arm_m3_Hwi_ccr__C                             
0000a79c  ti_sysbios_family_arm_m3_Hwi_excHandlerFunc__C                  
0000a7a0  ti_sysbios_family_arm_m3_Hwi_nullIsrFunc__C                     
0000a7a4  ti_sysbios_family_arm_m3_Hwi_priGroup__C                        
0000a7a8  ti_sysbios_family_arm_m3_TaskSupport_stackAlignment__C          
0000a7ac  ti_sysbios_family_arm_msp432_Timer_numTimerDevices__C           
0000a7b0  ti_sysbios_family_arm_msp432_Timer_startupNeeded__C             
0000a7b4  ti_sysbios_gates_GateMutex_Instance_State_sem__O                
0000a7b8  ti_sysbios_heaps_HeapMem_E_memory__C                            
0000a7bc  ti_sysbios_heaps_HeapMem_Module__gateObj__C                     
0000a7c0  ti_sysbios_heaps_HeapMem_Object__count__C                       
0000a7c4  ti_sysbios_heaps_HeapMem_Object__table__C                       
0000a7c8  ti_sysbios_heaps_HeapMem_primaryHeapBaseAddr__C                 
0000a7cc  ti_sysbios_heaps_HeapMem_primaryHeapEndAddr__C                  
0000a7d0  ti_sysbios_heaps_HeapMem_reqAlign__C                            
0000a7d4  ti_sysbios_knl_Clock_Module_State_clockQ__O                     
0000a7d8  ti_sysbios_knl_Clock_tickPeriod__C                              
0000a7dc  ti_sysbios_knl_Mailbox_Instance_State_freeQue__O                
0000a7e0  ti_sysbios_knl_Mailbox_Object__count__C                         
0000a7e4  ti_sysbios_knl_Mailbox_maxTypeAlign__C                          
0000a7e8  ti_sysbios_knl_Semaphore_Instance_State_pendQ__O                
0000a7ec  ti_sysbios_knl_Swi_Object__count__C                             
0000a7f0  ti_sysbios_knl_Swi_Object__table__C                             
0000a7f4  ti_sysbios_knl_Task_Module_State_inactiveQ__O                   
0000a7f8  ti_sysbios_knl_Task_Object__count__C                            
0000a7fc  ti_sysbios_knl_Task_Object__heap__C                             
0000a800  ti_sysbios_knl_Task_Object__table__C                            
0000a804  ti_sysbios_knl_Task_allBlockedFunc__C                           
0000a808  ti_sysbios_knl_Task_defaultStackHeap__C                         
0000a80c  ti_sysbios_knl_Task_defaultStackSize__C                         
0000a810  ti_sysbios_knl_Task_numConstructedTasks__C                      
0000a814  xdc_runtime_Error_E_memory__C                                   
0000a818  xdc_runtime_Error_policyFxn__C                                  
0000a81c  xdc_runtime_IGateProvider_Interface__BASE__C                    
0000a820  xdc_runtime_IHeap_Interface__BASE__C                            
0000a824  xdc_runtime_IModule_Interface__BASE__C                          
0000a828  xdc_runtime_Memory_defaultHeapInstance__C                       
0000a82c  xdc_runtime_Startup_execImpl__C                                 
0000a830  xdc_runtime_Startup_maxPasses__C                                
0000a834  xdc_runtime_Startup_sfxnRts__C                                  
0000a838  xdc_runtime_Startup_sfxnTab__C                                  
0000a83c  xdc_runtime_Startup_startModsFxn__C                             
0000a840  xdc_runtime_SysCallback_abortFxn__C                             
0000a844  xdc_runtime_SysCallback_exitFxn__C                              
0000a848  xdc_runtime_System_Module__gateObj__C                           
0000a84c  xdc_runtime_System_abortFxn__C                                  
0000a850  xdc_runtime_System_exitFxn__C                                   
0000a854  xdc_runtime_System_maxAtexitHandlers__C                         
0000a858  xdc_runtime_Text_nameUnknown__C                                 
0000a85c  xdc_runtime_Memory_Module__id__C                                
0000a860  __TI_static_base__                                              
0000a9a8  __TI_Handler_Table_Base                                         
0000a9b4  __TI_Handler_Table_Limit                                        
0000a9c8  __TI_CINIT_Base                                                 
0000a9e0  __TI_CINIT_Limit                                                
20000000  __start___llvm_prf_cnts                                         
20000000  __stop___llvm_prf_cnts                                          
20000000  ti_sysbios_family_arm_m3_Hwi_ramVectors                         
20000140  _ftable                                                         
200002b8  ADC_time_channel                                                
20000338  ADC_time_channel_temp                                           
200003b8  ADC_timer_activation                                            
20000438  ti_sysbios_knl_Swi_Module_State_0_readyQ__A                     
200004b8  ti_sysbios_knl_Task_Module_State_0_readyQ__A                    
20000538  time_stopped                                                    
200005b8  adc_ch                                                          
20000634  _device                                                         
200006ac  ti_sysbios_gates_GateMutex_Object__table__V                     
20000700  _stream                                                         
20000750  ti_sysbios_knl_Task_Object__table__V                            
2000079c  ti_sysbios_family_arm_msp432_Timer_Object__table__V             
200007e0  ti_sysbios_knl_Task_Module__state__V                            
20000864  ti_sysbios_family_arm_m3_Hwi_Module__state__V                   
20000898  input_port                                                      
2000089c  output_port                                                     
200008a0  fd_adc                                                          
200008a4  fd_ch_T                                                         
200008a8  fd_ch_H                                                         
200008ac  fd_uart                                                         
200008b0  TemperaturaActual                                               
200008b4  SetPoint                                                        
200008b8  toggle                                                          
200008b9  event                                                           
200008ba  FAN_LED_State                                                   
200008e0  adc                                                             
200008e4  ADC_global_irq_map                                              
200008e8  ADC_ch_actives                                                  
200008ec  current_addr                                                    
200008f0  microseconds                                                    
200008f8  ti_sysbios_knl_Swi_Object__table__V                             
20000928  ti_sysbios_knl_Clock_Module__state__V                           
20000954  gpio_global_irq_map                                             
2000097c  gpio_global_pin_map                                             
200009bc  microsecs                                                       
200009c0  timer                                                           
200009c4  bandera_stop                                                    
200009cc  ti_sysbios_BIOS_Module__state__V                                
20000a08  uart                                                            
20000a0c  RX_interruption                                                 
20000a12  ti_sysbios_family_arm_m3_Hwi_Module_State_0_excActive__A        
20000a14  data                                                            
20000a34  last_state                                                      
20000a54  ti_sysbios_family_arm_msp432_Timer_Module_State_0_device__A     
20000a74  time_paused_left                                                
20000a94  timer_units                                                     
20000ab4  xdc_runtime_Error_IgnoreBlock                                   
20000af0  ti_sysbios_knl_Swi_Module__state__V                             
20000b0c  ti_sysbios_family_arm_m3_Hwi_Object__table__V                   
20000b24  ti_sysbios_heaps_HeapMem_Object__table__V                       
20000b3c  files_active                                                    
20000b50  SysSTR                                                          
20000b70  __TI_ft_end                                                     
20000b74  __aeabi_stdin                                                   
20000b78  __aeabi_stdout                                                  
20000b7c  __aeabi_stderr                                                  
20000b80  ti_sysbios_family_arm_msp432_Timer_Module_State_0_handles__A    
20000b90  __TI_cleanup_ptr                                                
20000b94  __TI_dtors_ptr                                                  
20000b98  __TI_enable_exit_profile_output                                 
20000b9c  ti_sysbios_family_arm_msp432_Timer_Module__state__V             
20000ba8  _lock                                                           
20000bac  _unlock                                                         
20000bb0  ti_sysbios_gates_GateHwi_Module__root__V                        
20000bb8  ti_sysbios_gates_GateMutex_Module__root__V                      
20000bc0  ti_sysbios_heaps_HeapMem_Module__root__V                        
20000bc8  ti_sysbios_knl_Queue_Module__root__V                            
20000bd0  ti_sysbios_knl_Semaphore_Module__root__V                        
20000bd8  ti_sysbios_knl_Task_Module__root__V                             
20000be0  timer_activated                                                 
20000be8  xdc_runtime_Startup_Module__state__V                            
20000bf0  xdc_runtime_System_Module_State_0_atexitHandlers__A             
20000bf8  xdc_runtime_System_Module__state__V                             
20000c10  main_func_sp                                                    
20000c14  ti_sysbios_family_arm_m3_Hwi_Module_State_0_excContext__A       
20000c18  ti_sysbios_family_arm_m3_Hwi_Module_State_0_excStack__A         
20000c1c  ti_sysbios_gates_GateHwi_Object__table__V                       
20000c20  ti_sysbios_knl_Task_Module_State_0_idleTask__A                  
20000c24  ti_sysbios_rts_ti_ReentSupport_Module__state__V                 
20000c28  xdc_runtime_Memory_Module__state__V                             
20001000  g_pfnRAMVectoring                                               
200010e8  __primary_heap_start__                                          
200050e8  __primary_heap_end__                                            
200050e8  ti_sysbios_knl_Task_Instance_State_0_stack__A                   
200052e8  ti_sysbios_family_arm_m3_Hwi_dispatchTable                      
20005428  __CIOBUF_                                                       
20005548  __TI_tmpnams                                                    
200055e8  state                                                           
20005628  parmbuf                                                         
20005630  delay                                                           
20005634  ti_sysbios_knl_Task_Instance_State_0_hookEnv__A                 
20005638  EstadoEntradas                                                  
2000fc00  __stack                                                         
20010000  __STACK_END                                                     
4000480c  WDTCTL_SYM                                                      
e000e000  ti_sysbios_family_arm_m3_Hwi_nvic                               
ffffffff  __TI_pprof_out_hndl                                             
ffffffff  __TI_prof_data_size                                             
ffffffff  __TI_prof_data_start                                            
ffffffff  __binit__                                                       
ffffffff  __c_args__                                                      
ffffffff  binit                                                           
UNDEFED   SHT$$INIT_ARRAY$$Base                                           
UNDEFED   SHT$$INIT_ARRAY$$Limit                                          

[607 symbols]
